{
  "epochs": 5,
  "init_lr": 3e-05,
  "batch": 4,
  "crop": 128,
  "stride": 64,
  "device": "cuda",
  "best_loss": 0.04319956491666811,
  "log": [
    {
      "epoch": 1,
      "loss": 0.12540184954802194,
      "secs": 13.988240480422974
    },
    {
      "epoch": 2,
      "loss": 0.07632987511654694,
      "secs": 13.52518892288208
    },
    {
      "epoch": 3,
      "loss": 0.0570757660186953,
      "secs": 15.094678163528442
    },
    {
      "epoch": 4,
      "loss": 0.047512878491370765,
      "secs": 15.320585250854492
    },
    {
      "epoch": 5,
      "loss": 0.04319956491666811,
      "secs": 15.35569429397583
    }
  ]
}